// Jest Snapshot v1, https://goo.gl/fbAQLP

exports[`Test List Renderer renders correctly 1`] = `
<li>
  <div>
    Id: 
    1
  </div>
  <div>
    Name: 
    max
  </div>
  <div>
    Cuteness: 
    1
  </div>
  <div>
    Color: 
    white
  </div>
</li>
`;
